2025-06-30 22:02:28 [main] INFO  Log - Staring the driver
2025-06-30 22:02:33 [main] INFO  Log - Navigating to the URL
2025-06-30 22:02:37 [main] INFO  Log - Closing the driver
2025-06-30 23:16:13 [main] INFO  Log - Staring the driver
2025-06-30 23:16:17 [main] INFO  Log - Navigating to the URL
2025-06-30 23:16:19 [main] INFO  Log - Starting the login test....
2025-06-30 23:16:19 [main] INFO  Log - Adding Credentials....
2025-06-30 23:16:19 [main] INFO  Log - Verifying page title .....
2025-06-30 23:16:20 [main] INFO  Log - Closing the driver
2025-06-30 23:26:22 [main] INFO  Log - Staring the driver
2025-06-30 23:26:24 [main] INFO  Log - Navigating to the URL
2025-06-30 23:26:26 [main] INFO  Log - Starting the login test....
2025-06-30 23:26:26 [main] INFO  Log - Closing the driver
2025-06-30 23:39:39 [main] INFO  Log - Staring the driver
2025-06-30 23:39:42 [main] INFO  Log - Navigating to the URL
2025-06-30 23:39:44 [main] INFO  Log - Starting the login test....
2025-06-30 23:39:44 [main] INFO  Log - Adding Credentials....
2025-06-30 23:39:45 [main] INFO  Log - Verifying page title .....
2025-06-30 23:39:45 [main] INFO  Log - Closing the driver
2025-07-01 00:20:07 [main] INFO  Log - Staring the driver
2025-07-01 00:20:10 [main] INFO  Log - Navigating to the URL
2025-07-01 00:20:13 [main] INFO  Log - Starting the login test....
2025-07-01 00:20:13 [main] INFO  Log - Adding Credentials....
2025-07-01 00:20:14 [main] INFO  Log - Verifying page title .....
2025-07-01 00:20:14 [main] INFO  Log - Closing the driver
2025-07-01 00:23:00 [main] INFO  Log - Staring the driver
2025-07-01 00:23:03 [main] INFO  Log - Navigating to the URL
2025-07-01 00:23:05 [main] INFO  Log - Starting the login test....
2025-07-01 00:23:05 [main] INFO  Log - Adding Credentials....
2025-07-01 00:23:06 [main] INFO  Log - Verifying page title .....
2025-07-01 00:23:06 [main] INFO  Log - Closing the driver
2025-07-01 00:36:48 [main] INFO  Log - Staring the driver
2025-07-01 00:36:50 [main] INFO  Log - Navigating to the URL
2025-07-01 00:36:52 [main] INFO  Log - Starting the login test....
2025-07-01 00:36:52 [main] INFO  Log - Adding Credentials....
2025-07-01 00:36:53 [main] INFO  Log - Verifying page title .....
2025-07-01 00:36:53 [main] INFO  Log - Closing the driver
2025-07-01 22:28:36 [main] INFO  Log - Staring the driver
2025-07-01 22:28:40 [main] INFO  Log - Navigating to the URL
2025-07-01 22:28:42 [main] INFO  Log - Starting the login test....
2025-07-01 22:28:42 [main] INFO  Log - Adding Credentials....
2025-07-01 22:28:43 [main] INFO  Log - Verifying page title .....
2025-07-01 22:28:44 [main] INFO  Log - Closing the driver
2025-07-02 23:55:04 [main] INFO  Log - Staring the driver
2025-07-02 23:55:10 [main] INFO  Log - Navigating to the URL
2025-07-02 23:55:11 [main] INFO  Log - Starting the login test....
2025-07-02 23:55:11 [main] INFO  Log - Adding Credentials....
2025-07-02 23:55:12 [main] INFO  Log - Closing the driver
2025-07-02 23:55:13 [main] INFO  Log - Staring the driver
2025-07-02 23:55:15 [main] INFO  Log - Navigating to the URL
2025-07-02 23:55:17 [main] INFO  Log - Starting the login test....
2025-07-02 23:55:17 [main] INFO  Log - Adding Credentials....
2025-07-02 23:55:17 [main] INFO  Log - Closing the driver
2025-07-02 23:55:17 [main] INFO  Log - Staring the driver
2025-07-02 23:55:19 [main] INFO  Log - Navigating to the URL
2025-07-02 23:55:21 [main] INFO  Log - Starting the login test....
2025-07-02 23:55:21 [main] INFO  Log - Adding Credentials....
2025-07-02 23:55:21 [main] INFO  Log - Closing the driver
2025-07-02 23:55:21 [main] INFO  Log - Staring the driver
2025-07-02 23:55:23 [main] INFO  Log - Navigating to the URL
2025-07-02 23:55:26 [main] INFO  Log - Starting the login test....
2025-07-02 23:55:26 [main] INFO  Log - Adding Credentials....
2025-07-02 23:55:42 [main] INFO  Log - Closing the driver
2025-07-02 23:57:13 [main] INFO  Log - Staring the driver
2025-07-02 23:57:16 [main] INFO  Log - Navigating to the URL
2025-07-02 23:57:18 [main] INFO  Log - Starting the login test....
2025-07-02 23:57:18 [main] INFO  Log - Adding Credentials....
2025-07-02 23:57:18 [main] INFO  Log - Closing the driver
2025-07-02 23:57:19 [main] INFO  Log - Staring the driver
2025-07-02 23:57:20 [main] INFO  Log - Navigating to the URL
2025-07-02 23:57:22 [main] INFO  Log - Starting the login test....
2025-07-02 23:57:22 [main] INFO  Log - Adding Credentials....
2025-07-02 23:57:23 [main] INFO  Log - Closing the driver
2025-07-02 23:57:23 [main] INFO  Log - Staring the driver
2025-07-02 23:57:25 [main] INFO  Log - Navigating to the URL
2025-07-02 23:57:27 [main] INFO  Log - Starting the login test....
2025-07-02 23:57:27 [main] INFO  Log - Adding Credentials....
2025-07-02 23:57:27 [main] INFO  Log - Closing the driver
2025-07-02 23:57:27 [main] INFO  Log - Staring the driver
2025-07-02 23:57:29 [main] INFO  Log - Navigating to the URL
2025-07-02 23:57:31 [main] INFO  Log - Starting the login test....
2025-07-02 23:57:31 [main] INFO  Log - Adding Credentials....
2025-07-02 23:57:31 [main] INFO  Log - Closing the driver
2025-07-03 00:06:49 [main] INFO  Log - Staring the driver
2025-07-03 00:06:52 [main] INFO  Log - Navigating to the URL
2025-07-03 00:06:55 [main] INFO  Log - Starting the login test....
2025-07-03 00:06:55 [main] INFO  Log - Adding Credentials....
2025-07-03 00:06:55 [main] INFO  Log - Closing the driver
2025-07-03 00:06:55 [main] INFO  Log - Staring the driver
2025-07-03 00:06:57 [main] INFO  Log - Navigating to the URL
2025-07-03 00:06:59 [main] INFO  Log - Starting the login test....
2025-07-03 00:06:59 [main] INFO  Log - Adding Credentials....
2025-07-03 00:06:59 [main] INFO  Log - Closing the driver
2025-07-03 00:07:00 [main] INFO  Log - Staring the driver
2025-07-03 00:07:02 [main] INFO  Log - Navigating to the URL
2025-07-03 00:07:04 [main] INFO  Log - Starting the login test....
2025-07-03 00:07:04 [main] INFO  Log - Adding Credentials....
2025-07-03 00:07:04 [main] INFO  Log - Closing the driver
2025-07-03 00:07:04 [main] INFO  Log - Staring the driver
2025-07-03 00:07:06 [main] INFO  Log - Navigating to the URL
2025-07-03 00:07:08 [main] INFO  Log - Starting the login test....
2025-07-03 00:07:08 [main] INFO  Log - Adding Credentials....
2025-07-03 00:07:09 [main] INFO  Log - Closing the driver
2025-07-03 00:09:30 [main] INFO  Log - Staring the driver
2025-07-03 00:09:34 [main] INFO  Log - Navigating to the URL
2025-07-03 00:09:36 [main] INFO  Log - Starting the login test....
2025-07-03 00:09:36 [main] INFO  Log - Adding Credentials....
2025-07-03 00:09:36 [main] INFO  Log - Closing the driver
2025-07-03 00:09:37 [main] INFO  Log - Staring the driver
2025-07-03 00:09:39 [main] INFO  Log - Navigating to the URL
2025-07-03 00:09:41 [main] INFO  Log - Starting the login test....
2025-07-03 00:09:41 [main] INFO  Log - Adding Credentials....
2025-07-03 00:09:41 [main] INFO  Log - Closing the driver
2025-07-03 00:09:41 [main] INFO  Log - Staring the driver
2025-07-03 00:09:43 [main] INFO  Log - Navigating to the URL
2025-07-03 00:09:45 [main] INFO  Log - Starting the login test....
2025-07-03 00:09:45 [main] INFO  Log - Adding Credentials....
2025-07-03 00:09:45 [main] INFO  Log - Closing the driver
2025-07-03 00:09:45 [main] INFO  Log - Staring the driver
2025-07-03 00:09:47 [main] INFO  Log - Navigating to the URL
2025-07-03 00:09:50 [main] INFO  Log - Starting the login test....
2025-07-03 00:09:50 [main] INFO  Log - Adding Credentials....
2025-07-03 00:09:50 [main] INFO  Log - Closing the driver
2025-07-03 00:12:56 [main] INFO  Log - Staring the driver
2025-07-03 00:12:59 [main] INFO  Log - Navigating to the URL
2025-07-03 00:13:01 [main] INFO  Log - Starting the login test....
2025-07-03 00:13:01 [main] INFO  Log - Adding Credentials....
2025-07-03 00:13:01 [main] INFO  Log - Closing the driver
2025-07-03 00:13:02 [main] INFO  Log - Staring the driver
2025-07-03 00:13:03 [main] INFO  Log - Navigating to the URL
2025-07-03 00:13:05 [main] INFO  Log - Starting the login test....
2025-07-03 00:13:05 [main] INFO  Log - Adding Credentials....
2025-07-03 00:13:06 [main] INFO  Log - Closing the driver
2025-07-03 00:13:06 [main] INFO  Log - Staring the driver
2025-07-03 00:13:08 [main] INFO  Log - Navigating to the URL
2025-07-03 00:13:10 [main] INFO  Log - Starting the login test....
2025-07-03 00:13:10 [main] INFO  Log - Adding Credentials....
2025-07-03 00:13:10 [main] INFO  Log - Closing the driver
2025-07-03 00:13:10 [main] INFO  Log - Staring the driver
2025-07-03 00:13:12 [main] INFO  Log - Navigating to the URL
2025-07-03 00:13:14 [main] INFO  Log - Starting the login test....
2025-07-03 00:13:14 [main] INFO  Log - Adding Credentials....
2025-07-03 00:13:14 [main] INFO  Log - Closing the driver
2025-07-03 09:28:00 [main] INFO  Log - Staring the driver
2025-07-03 09:28:03 [main] INFO  Log - Navigating to the URL
2025-07-03 09:28:05 [main] INFO  Log - Starting the login test....
2025-07-03 09:28:05 [main] INFO  Log - Adding Credentials....
2025-07-03 09:28:06 [main] INFO  Log - Closing the driver
2025-07-03 09:28:06 [main] INFO  Log - Staring the driver
2025-07-03 09:28:07 [main] INFO  Log - Navigating to the URL
2025-07-03 09:28:09 [main] INFO  Log - Starting the login test....
2025-07-03 09:28:09 [main] INFO  Log - Adding Credentials....
2025-07-03 09:28:09 [main] INFO  Log - Closing the driver
2025-07-03 09:28:09 [main] INFO  Log - Staring the driver
2025-07-03 09:28:11 [main] INFO  Log - Navigating to the URL
2025-07-03 09:28:13 [main] INFO  Log - Starting the login test....
2025-07-03 09:28:13 [main] INFO  Log - Adding Credentials....
2025-07-03 09:28:13 [main] INFO  Log - Closing the driver
2025-07-03 09:28:13 [main] INFO  Log - Staring the driver
2025-07-03 09:28:14 [main] INFO  Log - Navigating to the URL
2025-07-03 09:28:16 [main] INFO  Log - Starting the login test....
2025-07-03 09:28:16 [main] INFO  Log - Adding Credentials....
2025-07-03 09:28:16 [main] INFO  Log - Closing the driver
2025-07-03 09:32:42 [main] INFO  Log - Staring the driver
2025-07-03 09:32:43 [main] INFO  Log - Navigating to the URL
2025-07-03 09:32:45 [main] INFO  Log - Starting the login test....
2025-07-03 09:32:45 [main] INFO  Log - Adding Credentials....
2025-07-03 09:32:46 [main] INFO  Log - Closing the driver
2025-07-03 09:32:46 [main] INFO  Log - Staring the driver
2025-07-03 09:32:47 [main] INFO  Log - Navigating to the URL
2025-07-03 09:32:49 [main] INFO  Log - Starting the login test....
2025-07-03 09:32:49 [main] INFO  Log - Adding Credentials....
2025-07-03 09:32:49 [main] INFO  Log - Closing the driver
2025-07-03 09:32:50 [main] INFO  Log - Staring the driver
2025-07-03 09:32:51 [main] INFO  Log - Navigating to the URL
2025-07-03 09:32:53 [main] INFO  Log - Starting the login test....
2025-07-03 09:32:53 [main] INFO  Log - Adding Credentials....
2025-07-03 09:32:53 [main] INFO  Log - Closing the driver
2025-07-03 09:32:53 [main] INFO  Log - Staring the driver
2025-07-03 09:32:54 [main] INFO  Log - Navigating to the URL
2025-07-03 09:32:56 [main] INFO  Log - Starting the login test....
2025-07-03 09:32:56 [main] INFO  Log - Adding Credentials....
2025-07-03 09:32:56 [main] INFO  Log - Closing the driver
2025-07-03 09:37:06 [main] INFO  Log - Staring the driver
2025-07-03 09:37:08 [main] INFO  Log - Navigating to the URL
2025-07-03 09:37:12 [main] INFO  Log - Starting the login test....
2025-07-03 09:37:12 [main] INFO  Log - Adding Credentials....
2025-07-03 09:37:13 [main] INFO  Log - Verifying page title .....
2025-07-03 09:37:13 [main] INFO  Log - Closing the driver
2025-07-03 09:37:13 [main] INFO  Log - Staring the driver
2025-07-03 09:37:14 [main] INFO  Log - Navigating to the URL
2025-07-03 09:37:16 [main] INFO  Log - Starting the login test....
2025-07-03 09:37:16 [main] INFO  Log - Adding Credentials....
2025-07-03 09:37:16 [main] INFO  Log - Verifying page title .....
2025-07-03 09:37:17 [main] INFO  Log - Closing the driver
2025-07-03 09:37:17 [main] INFO  Log - Staring the driver
2025-07-03 09:37:18 [main] INFO  Log - Navigating to the URL
2025-07-03 09:37:20 [main] INFO  Log - Starting the login test....
2025-07-03 09:37:20 [main] INFO  Log - Adding Credentials....
2025-07-03 09:37:21 [main] INFO  Log - Verifying page title .....
2025-07-03 09:37:21 [main] INFO  Log - Closing the driver
2025-07-03 09:37:21 [main] INFO  Log - Staring the driver
2025-07-03 09:37:22 [main] INFO  Log - Navigating to the URL
2025-07-03 09:37:24 [main] INFO  Log - Starting the login test....
2025-07-03 09:37:24 [main] INFO  Log - Adding Credentials....
2025-07-03 09:37:24 [main] INFO  Log - Verifying page title .....
2025-07-03 09:37:25 [main] INFO  Log - Closing the driver
2025-07-03 09:50:16 [main] INFO  Log - Staring the driver
2025-07-03 09:50:18 [main] INFO  Log - Navigating to the URL
2025-07-03 09:50:21 [main] INFO  Log - Starting the login test....
2025-07-03 09:50:21 [main] INFO  Log - Adding Credentials....
2025-07-03 09:50:21 [main] INFO  Log - Verifying page title .....
2025-07-03 09:50:21 [main] INFO  Log - Closing the driver
2025-07-03 09:50:21 [main] INFO  Log - Staring the driver
2025-07-03 09:50:22 [main] INFO  Log - Navigating to the URL
2025-07-03 09:50:24 [main] INFO  Log - Starting the login test....
2025-07-03 09:50:24 [main] INFO  Log - Adding Credentials....
2025-07-03 09:50:24 [main] INFO  Log - Verifying page title .....
2025-07-03 09:50:25 [main] INFO  Log - Closing the driver
2025-07-03 09:50:25 [main] INFO  Log - Staring the driver
2025-07-03 09:50:26 [main] INFO  Log - Navigating to the URL
2025-07-03 09:50:28 [main] INFO  Log - Starting the login test....
2025-07-03 09:50:28 [main] INFO  Log - Adding Credentials....
2025-07-03 09:50:28 [main] INFO  Log - Verifying page title .....
2025-07-03 09:50:28 [main] INFO  Log - Closing the driver
2025-07-04 18:49:35 [main] INFO  Log - Staring the driver
2025-07-04 18:49:41 [main] INFO  Log - Navigating to the URL
2025-07-04 18:49:44 [main] INFO  Log - Starting the login test....
2025-07-04 18:49:44 [main] INFO  Log - Adding Credentials....
2025-07-04 18:49:45 [main] INFO  Log - Verifying page title .....
2025-07-04 18:49:45 [main] INFO  Log - Closing the driver
2025-07-04 18:49:45 [main] INFO  Log - Staring the driver
2025-07-04 18:49:47 [main] INFO  Log - Navigating to the URL
2025-07-04 18:49:51 [main] INFO  Log - Starting the login test....
2025-07-04 18:49:51 [main] INFO  Log - Adding Credentials....
2025-07-04 18:49:52 [main] INFO  Log - Verifying page title .....
2025-07-04 18:49:52 [main] INFO  Log - Closing the driver
2025-07-04 18:49:52 [main] INFO  Log - Staring the driver
2025-07-04 18:49:54 [main] INFO  Log - Navigating to the URL
2025-07-04 18:49:57 [main] INFO  Log - Starting the login test....
2025-07-04 18:49:57 [main] INFO  Log - Adding Credentials....
2025-07-04 18:49:58 [main] INFO  Log - Verifying page title .....
2025-07-04 18:49:58 [main] INFO  Log - Closing the driver
